// Jest Snapshot v1, https://goo.gl/fbAQLP

exports[`webhooks -> api methods listSubscriptions 1`] = `
Array [
  Object {
    "cancel_url": "https://checkout.paddle.com/subscription/cancel?user=18124595&subscription=7908253&hash=9A4EE7D7645833AB6F90F81287DA92E139FE8DF6AF2090081357104138EC6937",
    "last_payment": Object {
      "amount": 2.99,
      "currency": "USD",
      "date": 2020-08-08T00:00:00.000Z,
    },
    "marketing_consent": false,
    "next_payment": null,
    "paused_at": null,
    "paused_from": null,
    "payment_information": Object {
      "card_type": "VISA",
      "expiry_date": 2021-08-01T00:00:00.000Z,
      "last_four_digits": "1824",
      "payment_method": "CARD",
    },
    "plan_id": 124890,
    "signup_date": 2020-08-08T23:15:48.000Z,
    "status": "CANCELLED",
    "subscription_id": 7908253,
    "update_url": "https://checkout.paddle.com/subscription/update?user=18124595&subscription=7908253&hash=AEA72A29FABC23692043D8B6D55FD29C625F532552AA8AC6EB137E604FC13E1A",
    "user_email": "foo@bar.com",
    "user_id": 18124595,
  },
]
`;

exports[`webhooks -> api methods listSubscriptions 2`] = `
Array [
  "https://vendors.paddle.com/api/2.0/subscription/users",
  Object {
    "body": Object {
      "page": 0,
      "plan_id": "123",
      "results_per_page": 100,
      "state": "deleted",
      "subscription_id": "123",
      "vendor_auth_code": "FooBarBaz",
      "vendor_id": 123456,
    },
    "method": "POST",
  },
]
`;
