// Jest Snapshot v1, https://goo.gl/fbAQLP

exports[`webhooks -> api methods listSubscriptions 1`] = `
Array [
  Object {
    "cancelUrl": "https://checkout.paddle.com/subscription/cancel?user=18124595&subscription=7908253&hash=9A4EE7D7645833AB6F90F81287DA92E139FE8DF6AF2090081357104138EC6937",
    "cardBrand": "VISA",
    "cardExpirationDate": 2021-08-01T00:00:00.000Z,
    "cardLastFour": "1824",
    "customerEmail": "foo@bar.com",
    "customerId": 18124595,
    "hasMarketingConsent": false,
    "lastPaymentAmount": 2.99,
    "lastPaymentCurrency": "USD",
    "lastPaymentDate": 2020-08-08T00:00:00.000Z,
    "nextPaymentAmount": null,
    "nextPaymentCurrency": null,
    "nextPaymentDate": null,
    "pausedAt": null,
    "pausedFrom": null,
    "paymentMethod": "CARD",
    "productId": 124890,
    "signupDate": 2020-08-08T23:15:48.000Z,
    "status": "CANCELLED",
    "subscriptionId": 7908253,
    "updateUrl": "https://checkout.paddle.com/subscription/update?user=18124595&subscription=7908253&hash=AEA72A29FABC23692043D8B6D55FD29C625F532552AA8AC6EB137E604FC13E1A",
  },
]
`;

exports[`webhooks -> api methods listSubscriptions 2`] = `
Array [
  "https://vendors.paddle.com/api/2.0/subscription/users",
  Object {
    "body": Object {
      "page": 0,
      "plan_id": "123",
      "results_per_page": 100,
      "state": "deleted",
      "subscription_id": "123",
      "vendor_auth_code": "FooBarBaz",
      "vendor_id": 123456,
    },
    "method": "POST",
  },
]
`;
