// Jest Snapshot v1, https://goo.gl/fbAQLP

exports[`webhooks -> parse webhook alert parses a webhook correctly 1`] = `
Object {
  "alert_id": 2091557455,
  "alert_name": "SUBSCRIPTION_CREATED",
  "cancel_url": "https://checkout.paddle.com/subscription/cancel?user=6&subscription=1&hash=acb15fc760b9d4cb4fae9abf67b7b4d52f12441e",
  "checkout_id": "2-461ecbe710cab0e-f2e284ef00",
  "currency": "GBP",
  "email": "gordon35@example.org",
  "event_time": 2020-08-09T22:11:09.000Z,
  "marketing_consent": true,
  "next_bill_date": 2020-09-03T00:00:00.000Z,
  "passthrough": Object {
    "foo": "bar",
  },
  "quantity": 23,
  "source": "https://genesis.devoxa.io/",
  "status": "TRIALING",
  "subscription_id": 6,
  "subscription_plan_id": 7,
  "unit_price": 9.99,
  "update_url": "https://checkout.paddle.com/subscription/update?user=3&subscription=3&hash=ce39e713407ccffbc867dba87e39e88324114274",
  "user_id": 9,
}
`;
